Archive member included to satisfy reference by file (symbol)

c:/nxp/mcuxpressoide_10.2.0_759/ide/tools/bin/../lib/gcc/arm-none-eabi/7.2.1/../../../../arm-none-eabi/lib/thumb/v7e-m/fpv4-sp/hard\libcr_c.a(atan.o)
                              ./source/LaboMicros-TP2/FXOS8700CQ.o (atan)
c:/nxp/mcuxpressoide_10.2.0_759/ide/tools/bin/../lib/gcc/arm-none-eabi/7.2.1/../../../../arm-none-eabi/lib/thumb/v7e-m/fpv4-sp/hard\libcr_c.a(cos.o)
                              ./source/LaboMicros-TP2/FXOS8700CQ.o (cos)
c:/nxp/mcuxpressoide_10.2.0_759/ide/tools/bin/../lib/gcc/arm-none-eabi/7.2.1/../../../../arm-none-eabi/lib/thumb/v7e-m/fpv4-sp/hard\libcr_c.a(fabs.o)
                              c:/nxp/mcuxpressoide_10.2.0_759/ide/tools/bin/../lib/gcc/arm-none-eabi/7.2.1/../../../../arm-none-eabi/lib/thumb/v7e-m/fpv4-sp/hard\libcr_c.a(atan.o) (fabs)
c:/nxp/mcuxpressoide_10.2.0_759/ide/tools/bin/../lib/gcc/arm-none-eabi/7.2.1/../../../../arm-none-eabi/lib/thumb/v7e-m/fpv4-sp/hard\libcr_c.a(fpprintf.o)
                              ./source/LaboMicros-TP2/gpio.o (printf)
c:/nxp/mcuxpressoide_10.2.0_759/ide/tools/bin/../lib/gcc/arm-none-eabi/7.2.1/../../../../arm-none-eabi/lib/thumb/v7e-m/fpv4-sp/hard\libcr_c.a(printf.o)
                              c:/nxp/mcuxpressoide_10.2.0_759/ide/tools/bin/../lib/gcc/arm-none-eabi/7.2.1/../../../../arm-none-eabi/lib/thumb/v7e-m/fpv4-sp/hard\libcr_c.a(fpprintf.o) (__vfprintf)
c:/nxp/mcuxpressoide_10.2.0_759/ide/tools/bin/../lib/gcc/arm-none-eabi/7.2.1/../../../../arm-none-eabi/lib/thumb/v7e-m/fpv4-sp/hard\libcr_c.a(sin.o)
                              ./source/LaboMicros-TP2/FXOS8700CQ.o (sin)
c:/nxp/mcuxpressoide_10.2.0_759/ide/tools/bin/../lib/gcc/arm-none-eabi/7.2.1/../../../../arm-none-eabi/lib/thumb/v7e-m/fpv4-sp/hard\libcr_c.a(sqrt.o)
                              ./source/LaboMicros-TP2/FXOS8700CQ.o (sqrt)
c:/nxp/mcuxpressoide_10.2.0_759/ide/tools/bin/../lib/gcc/arm-none-eabi/7.2.1/../../../../arm-none-eabi/lib/thumb/v7e-m/fpv4-sp/hard\libcr_c.a(stdlib.o)
                              ./source/LaboMicros-TP2/FXOS8700CQ.o (abs)
c:/nxp/mcuxpressoide_10.2.0_759/ide/tools/bin/../lib/gcc/arm-none-eabi/7.2.1/../../../../arm-none-eabi/lib/thumb/v7e-m/fpv4-sp/hard\libcr_c.a(strlen.o)
                              c:/nxp/mcuxpressoide_10.2.0_759/ide/tools/bin/../lib/gcc/arm-none-eabi/7.2.1/../../../../arm-none-eabi/lib/thumb/v7e-m/fpv4-sp/hard\libcr_c.a(printf.o) (strlen)
c:/nxp/mcuxpressoide_10.2.0_759/ide/tools/bin/../lib/gcc/arm-none-eabi/7.2.1/../../../../arm-none-eabi/lib/thumb/v7e-m/fpv4-sp/hard\libcr_c.a(memset.o)
                              c:/nxp/mcuxpressoide_10.2.0_759/ide/tools/bin/../lib/gcc/arm-none-eabi/7.2.1/../../../../arm-none-eabi/lib/thumb/v7e-m/fpv4-sp/hard\libcr_c.a(fpprintf.o) (memset)
c:/nxp/mcuxpressoide_10.2.0_759/ide/tools/bin/../lib/gcc/arm-none-eabi/7.2.1/../../../../arm-none-eabi/lib/thumb/v7e-m/fpv4-sp/hard\libcr_c.a(_deferredlazyseek.o)
                              c:/nxp/mcuxpressoide_10.2.0_759/ide/tools/bin/../lib/gcc/arm-none-eabi/7.2.1/../../../../arm-none-eabi/lib/thumb/v7e-m/fpv4-sp/hard\libcr_c.a(fpprintf.o) (__flsbuf)
c:/nxp/mcuxpressoide_10.2.0_759/ide/tools/bin/../lib/gcc/arm-none-eabi/7.2.1/../../../../arm-none-eabi/lib/thumb/v7e-m/fpv4-sp/hard\libcr_c.a(_fflush.o)
                              c:/nxp/mcuxpressoide_10.2.0_759/ide/tools/bin/../lib/gcc/arm-none-eabi/7.2.1/../../../../arm-none-eabi/lib/thumb/v7e-m/fpv4-sp/hard\libcr_c.a(_deferredlazyseek.o) (_fflush)
c:/nxp/mcuxpressoide_10.2.0_759/ide/tools/bin/../lib/gcc/arm-none-eabi/7.2.1/../../../../arm-none-eabi/lib/thumb/v7e-m/fpv4-sp/hard\libcr_c.a(_frexpl.o)
                              c:/nxp/mcuxpressoide_10.2.0_759/ide/tools/bin/../lib/gcc/arm-none-eabi/7.2.1/../../../../arm-none-eabi/lib/thumb/v7e-m/fpv4-sp/hard\libcr_c.a(fpprintf.o) (_frexpl)
c:/nxp/mcuxpressoide_10.2.0_759/ide/tools/bin/../lib/gcc/arm-none-eabi/7.2.1/../../../../arm-none-eabi/lib/thumb/v7e-m/fpv4-sp/hard\libcr_c.a(_hugeval.o)
                              c:/nxp/mcuxpressoide_10.2.0_759/ide/tools/bin/../lib/gcc/arm-none-eabi/7.2.1/../../../../arm-none-eabi/lib/thumb/v7e-m/fpv4-sp/hard\libcr_c.a(sqrt.o) (__huge_val)
c:/nxp/mcuxpressoide_10.2.0_759/ide/tools/bin/../lib/gcc/arm-none-eabi/7.2.1/../../../../arm-none-eabi/lib/thumb/v7e-m/fpv4-sp/hard\libcr_c.a(_ldexpl.o)
                              c:/nxp/mcuxpressoide_10.2.0_759/ide/tools/bin/../lib/gcc/arm-none-eabi/7.2.1/../../../../arm-none-eabi/lib/thumb/v7e-m/fpv4-sp/hard\libcr_c.a(fpprintf.o) (_ldexpl)
c:/nxp/mcuxpressoide_10.2.0_759/ide/tools/bin/../lib/gcc/arm-none-eabi/7.2.1/../../../../arm-none-eabi/lib/thumb/v7e-m/fpv4-sp/hard\libcr_c.a(_sincos.o)
                              c:/nxp/mcuxpressoide_10.2.0_759/ide/tools/bin/../lib/gcc/arm-none-eabi/7.2.1/../../../../arm-none-eabi/lib/thumb/v7e-m/fpv4-sp/hard\libcr_c.a(cos.o) (_sincos)
[...]
Memory Configuration

Name             Origin             Length             Attributes
PROGRAM_FLASH    0x00000000         0x00100000         xr
SRAM_UPPER       0x20000000         0x00030000         xrw
SRAM_LOWER       0x1fff0000         0x00010000         xrw
FLEX_RAM         0x14000000         0x00001000         xrw
*default*        0x00000000         0xffffffff

Linker script and memory map

LOAD ./source/LaboMicros-TP2/App.o
LOAD ./source/LaboMicros-TP2/DRV_MCP25625.o
LOAD ./source/LaboMicros-TP2/FXOS8700CQ.o
LOAD ./source/LaboMicros-TP2/SPI_DRV.o
LOAD ./source/LaboMicros-TP2/SysTick.o
LOAD ./source/LaboMicros-TP2/gpio.o
LOAD ./source/LaboMicros-TP2/i2cm.o
LOAD ./source/LaboMicros-TP2/timer.o
LOAD ./source/LaboMicros-TP2/uart_drv.o
LOAD ./SDK/startup/hardware.o
LOAD ./SDK/startup/main.o
LOAD ./SDK/startup/semihost_hardfault.o
LOAD ./SDK/startup/startup_mk64f12.o
LOAD ./SDK/CMSIS/system_MK64F12.o
START GROUP
LOAD c:/nxp/mcuxpressoide_10.2.0_759/ide/tools/bin/../lib/gcc/arm-none-eabi/7.2.1/../../../../arm-none-eabi/lib/thumb/v7e-m/fpv4-sp/hard\libcr_semihost.a
LOAD c:/nxp/mcuxpressoide_10.2.0_759/ide/tools/bin/../lib/gcc/arm-none-eabi/7.2.1/../../../../arm-none-eabi/lib/thumb/v7e-m/fpv4-sp/hard\libcr_c.a
LOAD c:/nxp/mcuxpressoide_10.2.0_759/ide/tools/bin/../lib/gcc/arm-none-eabi/7.2.1/thumb/v7e-m/fpv4-sp/hard\libcr_eabihelpers.a
END GROUP
                0x00000000                __base_PROGRAM_FLASH = 0x0
                0x00000000                __base_Flash = 0x0
                0x00100000                __top_PROGRAM_FLASH = 0x100000
                0x00100000                __top_Flash = 0x100000
                0x20000000                __base_SRAM_UPPER = 0x20000000
                0x20000000                __base_RAM = 0x20000000
                0x20030000                __top_SRAM_UPPER = 0x20030000
                0x20030000                __top_RAM = 0x20030000
                0x1fff0000                __base_SRAM_LOWER = 0x1fff0000
                0x1fff0000                __base_RAM2 = 0x1fff0000
                0x20000000                __top_SRAM_LOWER = 0x20000000
                0x20000000                __top_RAM2 = 0x20000000
                0x14000000                __base_FLEX_RAM = 0x14000000
                0x14000000                __base_RAM3 = 0x14000000
                0x14001000                __top_FLEX_RAM = 0x14001000
                0x14001000                __top_RAM3 = 0x14001000

.text           0x00000000     0x3f70
 FILL mask 0xff
                0x00000000                __vectors_start__ = ABSOLUTE (.)
 *(SORT_BY_ALIGNMENT(.isr_vector))
 .isr_vector    0x00000000      0x198 ./SDK/startup/startup_mk64f12.o
                0x00000000                g_pfnVectors
                0x00000000                __Vectors
                0x00000198                . = ALIGN (0x4)
                0x00000198                __section_table_start = .
                0x00000198                __data_section_table = .
                0x00000198        0x4 LONG 0x3f70 LOADADDR (.data)
                0x0000019c        0x4 LONG 0x20000000 ADDR (.data)
                0x000001a0        0x4 LONG 0x20 SIZEOF (.data)
                0x000001a4        0x4 LONG 0x3f70 LOADADDR (.data_RAM2)
                0x000001a8        0x4 LONG 0x1fff0000 ADDR (.data_RAM2)
                0x000001ac        0x4 LONG 0x0 SIZEOF (.data_RAM2)
                0x000001b0        0x4 LONG 0x3f70 LOADADDR (.data_RAM3)
                0x000001b4        0x4 LONG 0x14000000 ADDR (.data_RAM3)
                0x000001b8        0x4 LONG 0x0 SIZEOF (.data_RAM3)
                0x000001bc                __data_section_table_end = .
                0x000001bc                __bss_section_table = .
                0x000001bc        0x4 LONG 0x20000020 ADDR (.bss)
                0x000001c0        0x4 LONG 0x1070 SIZEOF (.bss)
                0x000001c4        0x4 LONG 0x1fff0000 ADDR (.bss_RAM2)
                0x000001c8        0x4 LONG 0x0 SIZEOF (.bss_RAM2)
                0x000001cc        0x4 LONG 0x14000000 ADDR (.bss_RAM3)
                0x000001d0        0x4 LONG 0x0 SIZEOF (.bss_RAM3)
                0x000001d4                __bss_section_table_end = .
                0x000001d4                __section_table_end = .
 *(SORT_BY_ALIGNMENT(.after_vectors*))
 .after_vectors.reset
                0x000001d4       0x4c ./SDK/startup/startup_mk64f12.o
                0x000001d4                ResetISR
 .after_vectors.init_data
                0x00000220       0x1e ./SDK/startup/startup_mk64f12.o
                0x00000220                data_init
 .after_vectors.init_bss
                0x0000023e       0x12 ./SDK/startup/startup_mk64f12.o
                0x0000023e                bss_init
 .after_vectors
                0x00000250       0x14 ./SDK/startup/startup_mk64f12.o
                0x00000250                NMI_Handler
                0x00000254                MemManage_Handler
                0x00000256                BusFault_Handler
                0x00000258                UsageFault_Handler
                0x0000025a                SVC_Handler
                0x0000025c                DebugMon_Handler
                0x0000025e                PendSV_Handler
                0x00000262                DMA_Error_DriverIRQHandler
                0x00000262                LPTMR0_DriverIRQHandler
                0x00000262                FTM1_DriverIRQHandler
                0x00000262                FTM2_DriverIRQHandler
                0x00000262                PIT2_DriverIRQHandler
                0x00000262                SDHC_DriverIRQHandler
                0x00000262                I2S0_Tx_DriverIRQHandler
                0x00000262                RTC_Seconds_DriverIRQHandler
                0x00000262                DMA6_DriverIRQHandler
                0x00000262                LLWU_DriverIRQHandler
                0x00000262                MCM_DriverIRQHandler
                0x00000262                MCG_DriverIRQHandler
                0x00000262                ENET_1588_Timer_DriverIRQHandler
                0x00000262                I2C2_DriverIRQHandler
                0x00000262                DAC1_DriverIRQHandler
                0x00000262                SPI1_DriverIRQHandler
                0x00000262                CMP1_DriverIRQHandler
                0x00000262                UART5_RX_TX_DriverIRQHandler
                0x00000262                FTM0_DriverIRQHandler
                0x00000262                IntDefaultHandler
                0x00000262                USB0_DriverIRQHandler
                0x00000262                UART5_ERR_DriverIRQHandler
                0x00000262                PORTC_DriverIRQHandler
                0x00000262                DMA11_DriverIRQHandler
                0x00000262                DAC0_DriverIRQHandler
                0x00000262                DMA10_DriverIRQHandler
                0x00000262                CMP2_DriverIRQHandler
                0x00000262                UART2_ERR_DriverIRQHandler
                0x00000262                SPI2_DriverIRQHandler
                0x00000262                LVD_LVW_DriverIRQHandler
                0x00000262                PIT0_DriverIRQHandler
                0x00000262                RNG_DriverIRQHandler
                0x00000262                DMA5_DriverIRQHandler
                0x00000262                DMA12_DriverIRQHandler
                0x00000262                UART2_RX_TX_DriverIRQHandler
                0x00000262                USBDCD_DriverIRQHandler
                0x00000262                UART3_ERR_DriverIRQHandler
                0x00000262                DMA3_DriverIRQHandler
                0x00000262                DMA8_DriverIRQHandler
                0x00000262                DMA9_DriverIRQHandler
                0x00000262                UART0_ERR_DriverIRQHandler
                0x00000262                CMT_DriverIRQHandler
                0x00000262                Reserved71_DriverIRQHandler
                0x00000262                ADC1_DriverIRQHandler
                0x00000262                PORTA_DriverIRQHandler
                0x00000262                DMA14_DriverIRQHandler
                0x00000262                PIT3_DriverIRQHandler
                0x00000262                PIT1_DriverIRQHandler
                0x00000262                WDOG_EWM_DriverIRQHandler
                0x00000262                PDB0_DriverIRQHandler
                0x00000262                RTC_DriverIRQHandler
                0x00000262                I2S0_Rx_DriverIRQHandler
                0x00000262                Read_Collision_DriverIRQHandler
                0x00000262                SWI_DriverIRQHandler
                0x00000262                UART4_RX_TX_DriverIRQHandler
                0x00000262                UART4_ERR_DriverIRQHandler
                0x00000262                PORTB_DriverIRQHandler
                0x00000262                UART0_LON_DriverIRQHandler
                0x00000262                DMA0_DriverIRQHandler
                0x00000262                DMA1_DriverIRQHandler
                0x00000262                I2C1_DriverIRQHandler
                0x00000262                UART3_RX_TX_DriverIRQHandler
                0x00000262                ENET_Receive_DriverIRQHandler
                0x00000262                DMA13_DriverIRQHandler
                0x00000262                ENET_Error_DriverIRQHandler
                0x00000262                DMA15_DriverIRQHandler
                0x00000262                UART0_RX_TX_DriverIRQHandler
                0x00000262                SPI0_DriverIRQHandler
                0x00000262                ADC0_DriverIRQHandler
                0x00000262                CMP0_DriverIRQHandler
                0x00000262                CAN0_DriverIRQHandler
                0x00000262                FTM3_DriverIRQHandler
                0x00000262                DMA4_DriverIRQHandler
                0x00000262                UART1_ERR_DriverIRQHandler
                0x00000262                DMA2_DriverIRQHandler
                0x00000262                ENET_Transmit_DriverIRQHandler
                0x00000262                PORTD_DriverIRQHandler
                0x00000262                PORTE_DriverIRQHandler
                0x00000262                FTFE_DriverIRQHandler
                0x00000262                I2C0_DriverIRQHandler
                0x00000262                DMA7_DriverIRQHandler
                0x00000262                UART1_RX_TX_DriverIRQHandler
                0x00000400                . = 0x400
 *fill*         0x00000264      0x19c ff
                0x00000400                PROVIDE (__FLASH_CONFIG_START__, .)
 *(SORT_BY_ALIGNMENT(.FlashConfig))
 .FlashConfig   0x00000400       0x10 ./SDK/startup/startup_mk64f12.o
                0x00000400                Flash_Config
                0x00000410                PROVIDE (__FLASH_CONFIG_END__, .)
                0x00000001                ASSERT (! ((__FLASH_CONFIG_START__ == __FLASH_CONFIG_END__)), Linker Flash Config Support Enabled, but no .FlashConfig section provided within application)
 *(SORT_BY_ALIGNMENT(.text*))
 .text.raw_2_angles
                0x00000410      0x3ac ./source/LaboMicros-TP2/FXOS8700CQ.o
                0x00000410                raw_2_angles
 *fill*         0x000007bc        0x4 ff
 .text.atan     0x000007c0      0x224 c:/nxp/mcuxpressoide_10.2.0_759/ide/tools/bin/../lib/gcc/arm-none-eabi/7.2.1/../../../../arm-none-eabi/lib/thumb/v7e-m/fpv4-sp/hard\libcr_c.a(atan.o)
                0x000007c0                atan
 *fill*         0x000009e4        0x4 ff
 .text.cos      0x000009e8       0x68 c:/nxp/mcuxpressoide_10.2.0_759/ide/tools/bin/../lib/gcc/arm-none-eabi/7.2.1/../../../../arm-none-eabi/lib/thumb/v7e-m/fpv4-sp/hard\libcr_c.a(cos.o)
                0x000009e8                cos
 .text.sqrt     0x00000a50      0x11c c:/nxp/mcuxpressoide_10.2.0_759/ide/tools/bin/../lib/gcc/arm-none-eabi/7.2.1/../../../../arm-none-eabi/lib/thumb/v7e-m/fpv4-sp/hard\libcr_c.a(sqrt.o)
                0x00000a50                sqrt
 *fill*         0x00000b6c        0x4 ff
 .text._sincos  0x00000b70      0x214 c:/nxp/mcuxpressoide_10.2.0_759/ide/tools/bin/../lib/gcc/arm-none-eabi/7.2.1/../../../../arm-none-eabi/lib/thumb/v7e-m/fpv4-sp/hard\libcr_c.a(_sincos.o)
                0x00000b70                _sincos
 .text.App_Init
                0x00000d84       0x78 ./source/LaboMicros-TP2/App.o
                0x00000d84                App_Init
 .text.App_Run  0x00000dfc       0x20 ./source/LaboMicros-TP2/App.o
                0x00000dfc                App_Run
 .text.package_own_data
                0x00000e1c       0x6c ./source/LaboMicros-TP2/App.o
                0x00000e1c                package_own_data
 .text.printUartData
                0x00000e88       0x14 ./source/LaboMicros-TP2/App.o
                0x00000e88                printUartData
 .text.create_pc_string
                0x00000e9c      0x110 ./source/LaboMicros-TP2/App.o
                0x00000e9c                create_pc_string
 .text.create_send_string
                0x00000fac      0x128 ./source/LaboMicros-TP2/App.o
                0x00000fac                create_send_string
 .text.send_own_info
                0x000010d4       0xa4 ./source/LaboMicros-TP2/App.o
                0x000010d4                send_own_info
 .text.receive_info
                0x00001178       0x3c ./source/LaboMicros-TP2/App.o
                0x00001178                receive_info
 .text.decodeMessage
                0x000011b4      0x340 ./source/LaboMicros-TP2/App.o
                0x000011b4                decodeMessage
 .text.Reset_MCP
                0x000014f4       0x24 ./source/LaboMicros-TP2/DRV_MCP25625.o
                0x000014f4                Reset_MCP
 .text.Write_MCP
                0x00001518       0x4c ./source/LaboMicros-TP2/DRV_MCP25625.o
                0x00001518                Write_MCP
 .text.Bit_Modify
                0x00001564       0x58 ./source/LaboMicros-TP2/DRV_MCP25625.o
                0x00001564                Bit_Modify
 .text.Read_MCP
                0x000015bc       0x70 ./source/LaboMicros-TP2/DRV_MCP25625.o
                0x000015bc                Read_MCP
 .text.Init_MCP
                0x0000162c       0xa4 ./source/LaboMicros-TP2/DRV_MCP25625.o
                0x0000162c                Init_MCP
 .text.RtsToSend
                0x000016d0       0x60 ./source/LaboMicros-TP2/DRV_MCP25625.o
                0x000016d0                RtsToSend
 .text.accel_mag_init
                0x00001730      0x1d0 ./source/LaboMicros-TP2/FXOS8700CQ.o
                0x00001730                accel_mag_init
 .text.read_accel_data
                0x00001900       0x3c ./source/LaboMicros-TP2/FXOS8700CQ.o
                0x00001900                read_accel_data
 .text.is_accel_data_ready
                0x0000193c       0xd0 ./source/LaboMicros-TP2/FXOS8700CQ.o
                0x0000193c                is_accel_data_ready
 .text.__NVIC_EnableIRQ
                0x00001a0c       0x3c ./source/LaboMicros-TP2/SPI_DRV.o
 .text.init_SPI
                0x00001a48      0x138 ./source/LaboMicros-TP2/SPI_DRV.o
                0x00001a48                init_SPI
 .text.writeyread_SPI
                0x00001b80       0xd8 ./source/LaboMicros-TP2/SPI_DRV.o
                0x00001b80                writeyread_SPI
 .text.read_SPI
                0x00001c58       0x28 ./source/LaboMicros-TP2/SPI_DRV.o
                0x00001c58                read_SPI
 .text.disable_CS
                0x00001c80       0xd8 ./source/LaboMicros-TP2/SPI_DRV.o
                0x00001c80                disable_CS
 .text.init_Clk_Nvinc
                0x00001d58      0x100 ./source/LaboMicros-TP2/SPI_DRV.o
                0x00001d58                init_Clk_Nvinc
 .text.config_CTAR
                0x00001e58      0x2c4 ./source/LaboMicros-TP2/SPI_DRV.o
                0x00001e58                config_CTAR
 .text.config_MCR
                0x0000211c       0xcc ./source/LaboMicros-TP2/SPI_DRV.o
                0x0000211c                config_MCR
 .text.SysTick_Init
                0x000021e8       0x5c ./source/LaboMicros-TP2/SysTick.o
                0x000021e8                SysTick_Init
 .text.SysTick_Handler
                0x00002244       0x2c ./source/LaboMicros-TP2/SysTick.o
                0x00002244                SysTick_Handler
 .text.IRQs_Handler
                0x00002270       0x20 ./source/LaboMicros-TP2/gpio.o
                0x00002270                IRQs_Handler
 .text.Search_ISF
                0x00002290      0x148 ./source/LaboMicros-TP2/gpio.o
                0x00002290                Search_ISF
 .text.PORTA_IRQHandler
                0x000023d8       0x44 ./source/LaboMicros-TP2/gpio.o
                0x000023d8                PORTA_IRQHandler
 .text.PORTB_IRQHandler
                0x0000241c       0x48 ./source/LaboMicros-TP2/gpio.o
                0x0000241c                PORTB_IRQHandler
 .text.PORTC_IRQHandler
                0x00002464       0x48 ./source/LaboMicros-TP2/gpio.o
                0x00002464                PORTC_IRQHandler
 .text.PORTD_IRQHandler
                0x000024ac       0x48 ./source/LaboMicros-TP2/gpio.o
                0x000024ac                PORTD_IRQHandler
 .text.PORTE_IRQHandler
                0x000024f4       0x48 ./source/LaboMicros-TP2/gpio.o
                0x000024f4                PORTE_IRQHandler
 .text.__NVIC_EnableIRQ
                0x0000253c       0x3c ./source/LaboMicros-TP2/i2cm.o
 .text.I2C_init
                0x00002578      0x170 ./source/LaboMicros-TP2/i2cm.o
                0x00002578                I2C_init
 .text.i2cSimpleTransaction
                0x000026e8       0xbc ./source/LaboMicros-TP2/i2cm.o
                0x000026e8                i2cSimpleTransaction
 .text.i2c_repeat_start
                0x000027a4       0xd8 ./source/LaboMicros-TP2/i2cm.o
                0x000027a4                i2c_repeat_start
 .text.i2c_is_busy
                0x0000287c       0x34 ./source/LaboMicros-TP2/i2cm.o
                0x0000287c                i2c_is_busy
 .text.i2c_write_ok
                0x000028b0       0x2c ./source/LaboMicros-TP2/i2cm.o
                0x000028b0                i2c_write_ok
 .text.I2C0_IRQHandler
                0x000028dc      0x1a0 ./source/LaboMicros-TP2/i2cm.o
                0x000028dc                I2C0_IRQHandler
 .text.I2C1_IRQHandler
                0x00002a7c      0x16c ./source/LaboMicros-TP2/i2cm.o
                0x00002a7c                I2C1_IRQHandler
 .text.timerInit
                0x00002be8       0x28 ./source/LaboMicros-TP2/timer.o
                0x00002be8                timerInit
 .text.timerGetId
                0x00002c10       0x5c ./source/LaboMicros-TP2/timer.o
                0x00002c10                timerGetId
 .text.timerStart
                0x00002c6c      0x130 ./source/LaboMicros-TP2/timer.o
                0x00002c6c                timerStart
 .text.timer_isr
                0x00002d9c       0xf4 ./source/LaboMicros-TP2/timer.o
 .text.__NVIC_EnableIRQ
                0x00002e90       0x3c ./source/LaboMicros-TP2/uart_drv.o
 .text.__NVIC_DisableIRQ
                0x00002ecc       0x44 ./source/LaboMicros-TP2/uart_drv.o
 .text.__NVIC_SetPriority
                0x00002f10       0x54 ./source/LaboMicros-TP2/uart_drv.o
 .text.UART_Init
                0x00002f64       0x60 ./source/LaboMicros-TP2/uart_drv.o
                0x00002f64                UART_Init
 .text.UART0_RX_TX_IRQHandler
                0x00002fc4       0x7c ./source/LaboMicros-TP2/uart_drv.o
                0x00002fc4                UART0_RX_TX_IRQHandler
 .text.UART_SetBaudRate
                0x00003040       0xb8 ./source/LaboMicros-TP2/uart_drv.o
                0x00003040                UART_SetBaudRate
 .text.UART_Send_Data
                0x000030f8       0x78 ./source/LaboMicros-TP2/uart_drv.o
                0x000030f8                UART_Send_Data
 .text.hw_Init  0x00003170      0x10c ./SDK/startup/hardware.o
                0x00003170                hw_Init
 .text.SystemInit
                0x0000327c       0x3c ./SDK/CMSIS/system_MK64F12.o
                0x0000327c                SystemInit
 .text.__aeabi_dmul
                0x000032b8      0x11c c:/nxp/mcuxpressoide_10.2.0_759/ide/tools/bin/../lib/gcc/arm-none-eabi/7.2.1/thumb/v7e-m/fpv4-sp/hard\libcr_eabihelpers.a(double.o)
                0x000032b8                __aeabi_dmul
 .text.__aeabi_ddiv
                0x000033d4      0x138 c:/nxp/mcuxpressoide_10.2.0_759/ide/tools/bin/../lib/gcc/arm-none-eabi/7.2.1/thumb/v7e-m/fpv4-sp/hard\libcr_eabihelpers.a(double.o)
                0x000033d4                __aeabi_ddiv
 .text.__aeabi_dsub
                0x0000350c      0x1b4 c:/nxp/mcuxpressoide_10.2.0_759/ide/tools/bin/../lib/gcc/arm-none-eabi/7.2.1/thumb/v7e-m/fpv4-sp/hard\libcr_eabihelpers.a(double.o)
                0x0000350c                __aeabi_dsub
 .text.__aeabi_dadd
                0x000036c0      0x10c c:/nxp/mcuxpressoide_10.2.0_759/ide/tools/bin/../lib/gcc/arm-none-eabi/7.2.1/thumb/v7e-m/fpv4-sp/hard\libcr_eabihelpers.a(double.o)
                0x000036c0                __aeabi_dadd
 .text.power    0x000037cc       0x3a ./source/LaboMicros-TP2/App.o
                0x000037cc                power
 .text.StarCANTx
                0x00003806       0x86 ./source/LaboMicros-TP2/DRV_MCP25625.o
                0x00003806                StarCANTx
 .text.RecibCANBx
                0x0000388c       0xac ./source/LaboMicros-TP2/DRV_MCP25625.o
                0x0000388c                RecibCANBx
 .text.CheckTXREQ
                0x00003938       0x2e ./source/LaboMicros-TP2/DRV_MCP25625.o
                0x00003938                CheckTXREQ
 .text.CheckRx  0x00003966       0x2e ./source/LaboMicros-TP2/DRV_MCP25625.o
                0x00003966                CheckRx
 .text.delay    0x00003994       0x24 ./source/LaboMicros-TP2/FXOS8700CQ.o
 .text.resetDelay
                0x000039b8       0x26 ./source/LaboMicros-TP2/FXOS8700CQ.o
 .text.enable_UART_int
                0x000039de       0x24 ./source/LaboMicros-TP2/uart_drv.o
                0x000039de                enable_UART_int
 .text.disable_UART_int
                0x00003a02       0x14 ./source/LaboMicros-TP2/uart_drv.o
                0x00003a02                disable_UART_int
 .text.UART0_ERR_IRQHandler
                0x00003a16       0x16 ./source/LaboMicros-TP2/uart_drv.o
                0x00003a16                UART0_ERR_IRQHandler
 .text.main     0x00003a2c       0x12 ./SDK/startup/main.o
                0x00003a2c                main
 .text.HardFault_Handler
                0x00003a3e       0x2c ./SDK/startup/semihost_hardfault.o
                0x00003a3e                HardFault_Handler
 .text.DMA0_IRQHandler
                0x00003a6a        0x8 ./SDK/startup/startup_mk64f12.o
                0x00003a6a                DMA0_IRQHandler
 .text.DMA1_IRQHandler
                0x00003a72        0x8 ./SDK/startup/startup_mk64f12.o
                0x00003a72                DMA1_IRQHandler
 .text.DMA2_IRQHandler
                0x00003a7a        0x8 ./SDK/startup/startup_mk64f12.o
                0x00003a7a                DMA2_IRQHandler
 .text.DMA3_IRQHandler
                0x00003a82        0x8 ./SDK/startup/startup_mk64f12.o
                0x00003a82                DMA3_IRQHandler
 .text.DMA4_IRQHandler
                0x00003a8a        0x8 ./SDK/startup/startup_mk64f12.o
                0x00003a8a                DMA4_IRQHandler
 .text.DMA5_IRQHandler
                0x00003a92        0x8 ./SDK/startup/startup_mk64f12.o
                0x00003a92                DMA5_IRQHandler
 .text.DMA6_IRQHandler
                0x00003a9a        0x8 ./SDK/startup/startup_mk64f12.o
                0x00003a9a                DMA6_IRQHandler
 .text.DMA7_IRQHandler
                0x00003aa2        0x8 ./SDK/startup/startup_mk64f12.o
                0x00003aa2                DMA7_IRQHandler
 .text.DMA8_IRQHandler
                0x00003aaa        0x8 ./SDK/startup/startup_mk64f12.o
                0x00003aaa                DMA8_IRQHandler
 .text.DMA9_IRQHandler
                0x00003ab2        0x8 ./SDK/startup/startup_mk64f12.o
                0x00003ab2                DMA9_IRQHandler
 .text.DMA10_IRQHandler
                0x00003aba        0x8 ./SDK/startup/startup_mk64f12.o
                0x00003aba                DMA10_IRQHandler
 .text.DMA11_IRQHandler
                0x00003ac2        0x8 ./SDK/startup/startup_mk64f12.o
                0x00003ac2                DMA11_IRQHandler
 .text.DMA12_IRQHandler
                0x00003aca        0x8 ./SDK/startup/startup_mk64f12.o
                0x00003aca                DMA12_IRQHandler
 .text.DMA13_IRQHandler
                0x00003ad2        0x8 ./SDK/startup/startup_mk64f12.o
                0x00003ad2                DMA13_IRQHandler
 .text.DMA14_IRQHandler
                0x00003ada        0x8 ./SDK/startup/startup_mk64f12.o
                0x00003ada                DMA14_IRQHandler
 .text.DMA15_IRQHandler
                0x00003ae2        0x8 ./SDK/startup/startup_mk64f12.o
                0x00003ae2                DMA15_IRQHandler
 .text.DMA_Error_IRQHandler
                0x00003aea        0x8 ./SDK/startup/startup_mk64f12.o
                0x00003aea                DMA_Error_IRQHandler
 .text.MCM_IRQHandler
                0x00003af2        0x8 ./SDK/startup/startup_mk64f12.o
                0x00003af2                MCM_IRQHandler
 .text.FTFE_IRQHandler
                0x00003afa        0x8 ./SDK/startup/startup_mk64f12.o
                0x00003afa                FTFE_IRQHandler
 .text.Read_Collision_IRQHandler
                0x00003b02        0x8 ./SDK/startup/startup_mk64f12.o
                0x00003b02                Read_Collision_IRQHandler
 .text.LVD_LVW_IRQHandler
                0x00003b0a        0x8 ./SDK/startup/startup_mk64f12.o
                0x00003b0a                LVD_LVW_IRQHandler
 .text.LLWU_IRQHandler
                0x00003b12        0x8 ./SDK/startup/startup_mk64f12.o
                0x00003b12                LLWU_IRQHandler
 .text.WDOG_EWM_IRQHandler
                0x00003b1a        0x8 ./SDK/startup/startup_mk64f12.o
                0x00003b1a                WDOG_EWM_IRQHandler
 .text.RNG_IRQHandler
                0x00003b22        0x8 ./SDK/startup/startup_mk64f12.o
                0x00003b22                RNG_IRQHandler
 .text.SPI0_IRQHandler
                0x00003b2a        0x8 ./SDK/startup/startup_mk64f12.o
                0x00003b2a                SPI0_IRQHandler
 .text.SPI1_IRQHandler
                0x00003b32        0x8 ./SDK/startup/startup_mk64f12.o
                0x00003b32                SPI1_IRQHandler
 .text.I2S0_Tx_IRQHandler
                0x00003b3a        0x8 ./SDK/startup/startup_mk64f12.o
                0x00003b3a                I2S0_Tx_IRQHandler
 .text.I2S0_Rx_IRQHandler
                0x00003b42        0x8 ./SDK/startup/startup_mk64f12.o
                0x00003b42                I2S0_Rx_IRQHandler
 .text.UART0_LON_IRQHandler
                0x00003b4a        0x8 ./SDK/startup/startup_mk64f12.o
                0x00003b4a                UART0_LON_IRQHandler
 .text.UART1_RX_TX_IRQHandler
                0x00003b52        0x8 ./SDK/startup/startup_mk64f12.o
                0x00003b52                UART1_RX_TX_IRQHandler
 .text.UART1_ERR_IRQHandler
                0x00003b5a        0x8 ./SDK/startup/startup_mk64f12.o
                0x00003b5a                UART1_ERR_IRQHandler
 .text.UART2_RX_TX_IRQHandler
                0x00003b62        0x8 ./SDK/startup/startup_mk64f12.o
                0x00003b62                UART2_RX_TX_IRQHandler
 .text.UART2_ERR_IRQHandler
                0x00003b6a        0x8 ./SDK/startup/startup_mk64f12.o
                0x00003b6a                UART2_ERR_IRQHandler
 .text.UART3_RX_TX_IRQHandler
                0x00003b72        0x8 ./SDK/startup/startup_mk64f12.o
                0x00003b72                UART3_RX_TX_IRQHandler
 .text.UART3_ERR_IRQHandler
                0x00003b7a        0x8 ./SDK/startup/startup_mk64f12.o
                0x00003b7a                UART3_ERR_IRQHandler
 .text.ADC0_IRQHandler
                0x00003b82        0x8 ./SDK/startup/startup_mk64f12.o
                0x00003b82                ADC0_IRQHandler
 .text.CMP0_IRQHandler
                0x00003b8a        0x8 ./SDK/startup/startup_mk64f12.o
                0x00003b8a                CMP0_IRQHandler
 .text.CMP1_IRQHandler
                0x00003b92        0x8 ./SDK/startup/startup_mk64f12.o
                0x00003b92                CMP1_IRQHandler
 .text.FTM0_IRQHandler
                0x00003b9a        0x8 ./SDK/startup/startup_mk64f12.o
                0x00003b9a                FTM0_IRQHandler
 .text.FTM1_IRQHandler
                0x00003ba2        0x8 ./SDK/startup/startup_mk64f12.o
                0x00003ba2                FTM1_IRQHandler
 .text.FTM2_IRQHandler
                0x00003baa        0x8 ./SDK/startup/startup_mk64f12.o
                0x00003baa                FTM2_IRQHandler
 .text.CMT_IRQHandler
                0x00003bb2        0x8 ./SDK/startup/startup_mk64f12.o
                0x00003bb2                CMT_IRQHandler
 .text.RTC_IRQHandler
                0x00003bba        0x8 ./SDK/startup/startup_mk64f12.o
                0x00003bba                RTC_IRQHandler
 .text.RTC_Seconds_IRQHandler
                0x00003bc2        0x8 ./SDK/startup/startup_mk64f12.o
                0x00003bc2                RTC_Seconds_IRQHandler
 .text.PIT0_IRQHandler
                0x00003bca        0x8 ./SDK/startup/startup_mk64f12.o
                0x00003bca                PIT0_IRQHandler
 .text.PIT1_IRQHandler
                0x00003bd2        0x8 ./SDK/startup/startup_mk64f12.o
                0x00003bd2                PIT1_IRQHandler
 .text.PIT2_IRQHandler
                0x00003bda        0x8 ./SDK/startup/startup_mk64f12.o
                0x00003bda                PIT2_IRQHandler
 .text.PIT3_IRQHandler
                0x00003be2        0x8 ./SDK/startup/startup_mk64f12.o
                0x00003be2                PIT3_IRQHandler
 .text.PDB0_IRQHandler
                0x00003bea        0x8 ./SDK/startup/startup_mk64f12.o
                0x00003bea                PDB0_IRQHandler
 .text.USB0_IRQHandler
                0x00003bf2        0x8 ./SDK/startup/startup_mk64f12.o
                0x00003bf2                USB0_IRQHandler
 .text.USBDCD_IRQHandler
                0x00003bfa        0x8 ./SDK/startup/startup_mk64f12.o
                0x00003bfa                USBDCD_IRQHandler
 .text.Reserved71_IRQHandler
                0x00003c02        0x8 ./SDK/startup/startup_mk64f12.o
                0x00003c02                Reserved71_IRQHandler
 .text.DAC0_IRQHandler
                0x00003c0a        0x8 ./SDK/startup/startup_mk64f12.o
                0x00003c0a                DAC0_IRQHandler
 .text.MCG_IRQHandler
                0x00003c12        0x8 ./SDK/startup/startup_mk64f12.o
                0x00003c12                MCG_IRQHandler
 .text.LPTMR0_IRQHandler
                0x00003c1a        0x8 ./SDK/startup/startup_mk64f12.o
                0x00003c1a                LPTMR0_IRQHandler
 .text.SWI_IRQHandler
                0x00003c22        0x8 ./SDK/startup/startup_mk64f12.o
                0x00003c22                SWI_IRQHandler
 .text.SPI2_IRQHandler
                0x00003c2a        0x8 ./SDK/startup/startup_mk64f12.o
                0x00003c2a                SPI2_IRQHandler
 .text.UART4_RX_TX_IRQHandler
                0x00003c32        0x8 ./SDK/startup/startup_mk64f12.o
                0x00003c32                UART4_RX_TX_IRQHandler
 .text.UART4_ERR_IRQHandler
                0x00003c3a        0x8 ./SDK/startup/startup_mk64f12.o
                0x00003c3a                UART4_ERR_IRQHandler
 .text.UART5_RX_TX_IRQHandler
                0x00003c42        0x8 ./SDK/startup/startup_mk64f12.o
                0x00003c42                UART5_RX_TX_IRQHandler
 .text.UART5_ERR_IRQHandler
                0x00003c4a        0x8 ./SDK/startup/startup_mk64f12.o
                0x00003c4a                UART5_ERR_IRQHandler
 .text.CMP2_IRQHandler
                0x00003c52        0x8 ./SDK/startup/startup_mk64f12.o
                0x00003c52                CMP2_IRQHandler
 .text.FTM3_IRQHandler
                0x00003c5a        0x8 ./SDK/startup/startup_mk64f12.o
                0x00003c5a                FTM3_IRQHandler
 .text.DAC1_IRQHandler
                0x00003c62        0x8 ./SDK/startup/startup_mk64f12.o
                0x00003c62                DAC1_IRQHandler
 .text.ADC1_IRQHandler
                0x00003c6a        0x8 ./SDK/startup/startup_mk64f12.o
                0x00003c6a                ADC1_IRQHandler
 .text.I2C2_IRQHandler
                0x00003c72        0x8 ./SDK/startup/startup_mk64f12.o
                0x00003c72                I2C2_IRQHandler
 .text.CAN0_ORed_Message_buffer_IRQHandler
                0x00003c7a        0x8 ./SDK/startup/startup_mk64f12.o
                0x00003c7a                CAN0_ORed_Message_buffer_IRQHandler
 .text.CAN0_Bus_Off_IRQHandler
                0x00003c82        0x8 ./SDK/startup/startup_mk64f12.o
                0x00003c82                CAN0_Bus_Off_IRQHandler
 .text.CAN0_Error_IRQHandler
                0x00003c8a        0x8 ./SDK/startup/startup_mk64f12.o
                0x00003c8a                CAN0_Error_IRQHandler
 .text.CAN0_Tx_Warning_IRQHandler
                0x00003c92        0x8 ./SDK/startup/startup_mk64f12.o
                0x00003c92                CAN0_Tx_Warning_IRQHandler
 .text.CAN0_Rx_Warning_IRQHandler
                0x00003c9a        0x8 ./SDK/startup/startup_mk64f12.o
                0x00003c9a                CAN0_Rx_Warning_IRQHandler
 .text.CAN0_Wake_Up_IRQHandler
                0x00003ca2        0x8 ./SDK/startup/startup_mk64f12.o
                0x00003ca2                CAN0_Wake_Up_IRQHandler
 .text.SDHC_IRQHandler
                0x00003caa        0x8 ./SDK/startup/startup_mk64f12.o
                0x00003caa                SDHC_IRQHandler
 .text.ENET_1588_Timer_IRQHandler
                0x00003cb2        0x8 ./SDK/startup/startup_mk64f12.o
                0x00003cb2                ENET_1588_Timer_IRQHandler
 .text.ENET_Transmit_IRQHandler
                0x00003cba        0x8 ./SDK/startup/startup_mk64f12.o
                0x00003cba                ENET_Transmit_IRQHandler
 .text.ENET_Receive_IRQHandler
                0x00003cc2        0x8 ./SDK/startup/startup_mk64f12.o
                0x00003cc2                ENET_Receive_IRQHandler
 .text.ENET_Error_IRQHandler
                0x00003cca        0x8 ./SDK/startup/startup_mk64f12.o
                0x00003cca                ENET_Error_IRQHandler
 .text.SystemInitHook
                0x00003cd2        0xe ./SDK/CMSIS/system_MK64F12.o
                0x00003cd2                SystemInitHook
 .text.fabs     0x00003ce0       0x22 c:/nxp/mcuxpressoide_10.2.0_759/ide/tools/bin/../lib/gcc/arm-none-eabi/7.2.1/../../../../arm-none-eabi/lib/thumb/v7e-m/fpv4-sp/hard\libcr_c.a(fabs.o)
                0x00003ce0                fabs
 .text.sin      0x00003d02       0x40 c:/nxp/mcuxpressoide_10.2.0_759/ide/tools/bin/../lib/gcc/arm-none-eabi/7.2.1/../../../../arm-none-eabi/lib/thumb/v7e-m/fpv4-sp/hard\libcr_c.a(sin.o)
                0x00003d02                sin
 .text.abs      0x00003d42        0x8 c:/nxp/mcuxpressoide_10.2.0_759/ide/tools/bin/../lib/gcc/arm-none-eabi/7.2.1/../../../../arm-none-eabi/lib/thumb/v7e-m/fpv4-sp/hard\libcr_c.a(stdlib.o)
                0x00003d42                abs
 .text.__aeabi_d2iz
                0x00003d4a       0x40 c:/nxp/mcuxpressoide_10.2.0_759/ide/tools/bin/../lib/gcc/arm-none-eabi/7.2.1/thumb/v7e-m/fpv4-sp/hard\libcr_eabihelpers.a(double.o)
                0x00003d4a                __aeabi_d2iz
 .text.__bhs_ui2d
                0x00003d8a       0x46 c:/nxp/mcuxpressoide_10.2.0_759/ide/tools/bin/../lib/gcc/arm-none-eabi/7.2.1/thumb/v7e-m/fpv4-sp/hard\libcr_eabihelpers.a(double.o)
                0x00003d8a                __bhs_ui2d
 .text.__aeabi_i2d
                0x00003dd0       0x12 c:/nxp/mcuxpressoide_10.2.0_759/ide/tools/bin/../lib/gcc/arm-none-eabi/7.2.1/thumb/v7e-m/fpv4-sp/hard\libcr_eabihelpers.a(double.o)
                0x00003dd0                __aeabi_i2d
 .text.__aeabi_dcmplt
                0x00003de2       0x58 c:/nxp/mcuxpressoide_10.2.0_759/ide/tools/bin/../lib/gcc/arm-none-eabi/7.2.1/thumb/v7e-m/fpv4-sp/hard\libcr_eabihelpers.a(double.o)
                0x00003de2                __aeabi_dcmplt
 .text.__aeabi_dcmpgt
                0x00003e3a       0x58 c:/nxp/mcuxpressoide_10.2.0_759/ide/tools/bin/../lib/gcc/arm-none-eabi/7.2.1/thumb/v7e-m/fpv4-sp/hard\libcr_eabihelpers.a(double.o)
                0x00003e3a                __aeabi_dcmpgt
 .text.__aeabi_dcmple
                0x00003e92       0x5a c:/nxp/mcuxpressoide_10.2.0_759/ide/tools/bin/../lib/gcc/arm-none-eabi/7.2.1/thumb/v7e-m/fpv4-sp/hard\libcr_eabihelpers.a(double.o)
                0x00003e92                __aeabi_dcmple
 .text.__aeabi_dcmpge
                0x00003eec       0x58 c:/nxp/mcuxpressoide_10.2.0_759/ide/tools/bin/../lib/gcc/arm-none-eabi/7.2.1/thumb/v7e-m/fpv4-sp/hard\libcr_eabihelpers.a(double.o)
                0x00003eec                __aeabi_dcmpge
 *(SORT_BY_ALIGNMENT(.rodata) SORT_BY_ALIGNMENT(.rodata.*) SORT_BY_ALIGNMENT(.constdata) SORT_BY_ALIGNMENT(.constdata.*))
 *fill*         0x00003f44        0x4 ff
 .rodata.a.5195
                0x00003f48       0x20 c:/nxp/mcuxpressoide_10.2.0_759/ide/tools/bin/../lib/gcc/arm-none-eabi/7.2.1/../../../../arm-none-eabi/lib/thumb/v7e-m/fpv4-sp/hard\libcr_c.a(atan.o)
 .rodata.__huge_val
                0x00003f68        0x8 c:/nxp/mcuxpressoide_10.2.0_759/ide/tools/bin/../lib/gcc/arm-none-eabi/7.2.1/../../../../arm-none-eabi/lib/thumb/v7e-m/fpv4-sp/hard\libcr_c.a(_hugeval.o)
                0x00003f68                __huge_val
                0x00003f70                . = ALIGN (0x8)

.glue_7         0x00003f70        0x0
 .glue_7        0x00003f70        0x0 linker stubs

.glue_7t        0x00003f70        0x0
 .glue_7t       0x00003f70        0x0 linker stubs

.vfp11_veneer   0x00003f70        0x0
 .vfp11_veneer  0x00003f70        0x0 linker stubs

.v4_bx          0x00003f70        0x0
 .v4_bx         0x00003f70        0x0 linker stubs

.iplt           0x00003f70        0x0
 .iplt          0x00003f70        0x0 ./source/LaboMicros-TP2/App.o

.rel.dyn        0x00003f70        0x0
 .rel.iplt      0x00003f70        0x0 ./source/LaboMicros-TP2/App.o

.ARM.extab
 *(SORT_BY_ALIGNMENT(.ARM.extab*) SORT_BY_ALIGNMENT(.gnu.linkonce.armextab.*))
                0x00003f70                __exidx_start = .

.ARM.exidx
 *(SORT_BY_ALIGNMENT(.ARM.exidx*) SORT_BY_ALIGNMENT(.gnu.linkonce.armexidx.*))
                0x00003f70                __exidx_end = .
                0x00003f70                _etext = .

.m_usb_data
 *(SORT_BY_ALIGNMENT(m_usb_bdt))

.data_RAM2      0x1fff0000        0x0 load address 0x00003f70
 FILL mask 0xff
                [!provide]                PROVIDE (__start_data_RAM2, .)
 *(SORT_BY_ALIGNMENT(.ramfunc.$RAM2))
 *(SORT_BY_ALIGNMENT(.ramfunc.$SRAM_LOWER))
 *(SORT_BY_ALIGNMENT(.data.$RAM2*))
 *(SORT_BY_ALIGNMENT(.data.$SRAM_LOWER*))
                0x1fff0000                . = ALIGN (0x8)
                [!provide]                PROVIDE (__end_data_RAM2, .)

.data_RAM3      0x14000000        0x0 load address 0x00003f70
 FILL mask 0xff
                [!provide]                PROVIDE (__start_data_RAM3, .)
 *(SORT_BY_ALIGNMENT(.ramfunc.$RAM3))
 *(SORT_BY_ALIGNMENT(.ramfunc.$FLEX_RAM))
 *(SORT_BY_ALIGNMENT(.data.$RAM3*))
 *(SORT_BY_ALIGNMENT(.data.$FLEX_RAM*))
                0x14000000                . = ALIGN (0x8)
                [!provide]                PROVIDE (__end_data_RAM3, .)

.uninit_RESERVED
                0x20000000        0x0
 *(SORT_BY_ALIGNMENT(.bss.$RESERVED*))
                0x20000000                . = ALIGN (0x4)
                0x20000000                _end_uninit_RESERVED = .

.data           0x20000000       0x20 load address 0x00003f70
 FILL mask 0xff
                0x20000000                _data = .
 *(SORT_BY_ALIGNMENT(vtable))
 *(SORT_BY_ALIGNMENT(.ramfunc*))
 *(SORT_BY_ALIGNMENT(.data*))
 .data.spi_pointer
                0x20000000        0xc ./source/LaboMicros-TP2/SPI_DRV.o
 .data.I2C_x    0x2000000c        0x8 ./source/LaboMicros-TP2/i2cm.o
 .data.distance
                0x20000014        0x4 ./source/LaboMicros-TP2/uart_drv.o
 .data.address_cycle.7515
                0x20000018        0x1 ./source/LaboMicros-TP2/i2cm.o
 .data.timers_cant
                0x20000019        0x1 ./source/LaboMicros-TP2/timer.o
                0x20000020                . = ALIGN (0x8)
 *fill*         0x2000001a        0x6 ff
                0x20000020                _edata = .

.igot.plt       0x20000020        0x0 load address 0x00003f90
 .igot.plt      0x20000020        0x0 ./source/LaboMicros-TP2/App.o

.bss_RAM2       0x1fff0000        0x0
                [!provide]                PROVIDE (__start_bss_RAM2, .)
 *(SORT_BY_ALIGNMENT(.bss.$RAM2*))
 *(SORT_BY_ALIGNMENT(.bss.$SRAM_LOWER*))
                0x1fff0000                . = ALIGN ((. != 0x0)?0x8:0x1)
                [!provide]                PROVIDE (__end_bss_RAM2, .)

.bss_RAM3       0x14000000        0x0
                [!provide]                PROVIDE (__start_bss_RAM3, .)
 *(SORT_BY_ALIGNMENT(.bss.$RAM3*))
 *(SORT_BY_ALIGNMENT(.bss.$FLEX_RAM*))
                0x14000000                . = ALIGN ((. != 0x0)?0x8:0x1)
                [!provide]                PROVIDE (__end_bss_RAM3, .)

.bss            0x20000020     0x1070
                0x20000020                _bss = .
 *(SORT_BY_ALIGNMENT(.bss*))
 .bss.numerstring
                0x20000020       0x49 ./source/LaboMicros-TP2/App.o
 *fill*         0x20000069        0x3 
 .bss.numbers   0x2000006c       0x48 ./source/LaboMicros-TP2/App.o
 .bss.accel.8645
                0x200000b4        0x6 ./source/LaboMicros-TP2/App.o
 *fill*         0x200000ba        0x2 
 .bss.magn.8646
                0x200000bc        0x6 ./source/LaboMicros-TP2/App.o
 *fill*         0x200000c2        0x2 
 .bss.angs.8647
                0x200000c4        0x6 ./source/LaboMicros-TP2/App.o
 *fill*         0x200000ca        0x2 
 .bss.message.8687
                0x200000cc        0xf ./source/LaboMicros-TP2/App.o
 *fill*         0x200000db        0x1 
 .bss.message_1.8688
                0x200000dc        0x5 ./source/LaboMicros-TP2/App.o
 *fill*         0x200000e1        0x3 
 .bss.message_2.8689
                0x200000e4        0x5 ./source/LaboMicros-TP2/App.o
 *fill*         0x200000e9        0x3 
 .bss.message_3.8690
                0x200000ec        0x5 ./source/LaboMicros-TP2/App.o
 *fill*         0x200000f1        0x3 
 .bss.message.8706
                0x200000f4        0x8 ./source/LaboMicros-TP2/App.o
 .bss.SpiMCP    0x200000fc        0xb ./source/LaboMicros-TP2/DRV_MCP25625.o
                0x200000fc                SpiMCP
 *fill*         0x20000107        0x1 
 .bss.array     0x20000108       0x10 ./source/LaboMicros-TP2/DRV_MCP25625.o
 .bss.Buffer    0x20000118        0xd ./source/LaboMicros-TP2/FXOS8700CQ.o
 *fill*         0x20000125        0x3 
 .bss.prev_ang  0x20000128        0x6 ./source/LaboMicros-TP2/FXOS8700CQ.o
 *fill*         0x2000012e        0x2 
 .bss.callback  0x20000130        0x4 ./source/LaboMicros-TP2/SysTick.o
                0x20000130                callback
 .bss.CALLBACKS
                0x20000134      0x280 ./source/LaboMicros-TP2/gpio.o
 .bss.cant_bytes
                0x200003b4        0x4 ./source/LaboMicros-TP2/i2cm.o
 .bss.data      0x200003b8        0x4 ./source/LaboMicros-TP2/i2cm.o
 .bss.Rdata     0x200003bc        0x4 ./source/LaboMicros-TP2/i2cm.o
 .bss.timers    0x200003c0      0x100 ./source/LaboMicros-TP2/timer.o
 .bss.buffer    0x200004c0      0xbb8 ./source/LaboMicros-TP2/uart_drv.o
 .bss.input_index
                0x20001078        0x4 ./source/LaboMicros-TP2/uart_drv.o
 .bss.output_index
                0x2000107c        0x4 ./source/LaboMicros-TP2/uart_drv.o
 .bss.errno     0x20001080        0x4 c:/nxp/mcuxpressoide_10.2.0_759/ide/tools/bin/../lib/gcc/arm-none-eabi/7.2.1/../../../../arm-none-eabi/lib/thumb/v7e-m/fpv4-sp/hard\libcr_c.a(errno.o)
                0x20001080                errno
 .bss.reading   0x20001084        0x1 ./source/LaboMicros-TP2/FXOS8700CQ.o
 .bss.databyte.6960
                0x20001085        0x1 ./source/LaboMicros-TP2/FXOS8700CQ.o
 .bss.reg8.6961
                0x20001086        0x1 ./source/LaboMicros-TP2/FXOS8700CQ.o
 .bss.reg.6993  0x20001087        0x1 ./source/LaboMicros-TP2/FXOS8700CQ.o
 .bss.yaInit.6772
                0x20001088        0x1 ./source/LaboMicros-TP2/SysTick.o
 .bss.i2c_num   0x20001089        0x1 ./source/LaboMicros-TP2/i2cm.o
 .bss.rw_mode   0x2000108a        0x1 ./source/LaboMicros-TP2/i2cm.o
 .bss.reg_read  0x2000108b        0x1 ./source/LaboMicros-TP2/i2cm.o
 .bss.R_cant_bytes
                0x2000108c        0x1 ./source/LaboMicros-TP2/i2cm.o
 .bss.W_error   0x2000108d        0x1 ./source/LaboMicros-TP2/i2cm.o
 .bss.dev_address
                0x2000108e        0x1 ./source/LaboMicros-TP2/i2cm.o
 .bss.yaInit.5605
                0x2000108f        0x1 ./source/LaboMicros-TP2/timer.o
 *(SORT_BY_ALIGNMENT(COMMON))
                0x20001090                . = ALIGN (0x8)
                0x20001090                _ebss = .
                [!provide]                PROVIDE (end, .)

.noinit_RAM2    0x1fff0000        0x0
 *(SORT_BY_ALIGNMENT(.noinit.$RAM2*))
 *(SORT_BY_ALIGNMENT(.noinit.$SRAM_LOWER*))
                0x1fff0000                . = ALIGN (0x8)

.noinit_RAM3    0x14000000        0x0
 *(SORT_BY_ALIGNMENT(.noinit.$RAM3*))
 *(SORT_BY_ALIGNMENT(.noinit.$FLEX_RAM*))
                0x14000000                . = ALIGN (0x8)

.noinit         0x20001090        0x0
                0x20001090                _noinit = .
 *(SORT_BY_ALIGNMENT(.noinit*))
                0x20001090                . = ALIGN (0x8)
                0x20001090                _end_noinit = .
                0x00001000                _HeapSize = 0x1000

.heap           0x20001090     0x1000
                0x20001090                _pvHeapStart = .
                0x20002090                . = (. + _HeapSize)
 *fill*         0x20001090     0x1000 
                0x20002090                . = ALIGN (0x8)
                0x20002090                _pvHeapLimit = .
                0x00001000                _StackSize = 0x1000

.heap2stackfill
                0x20002090     0x1000
                0x20003090                . = (. + _StackSize)
 *fill*         0x20002090     0x1000 

.stack          0x2002f000        0x0
                0x2002f000                _vStackBase = .
                0x2002f000                . = ALIGN (0x8)
                0x20030000                _vStackTop = (. + _StackSize)
                0x00000000                _image_start = LOADADDR (.text)
                0x00003f90                _image_end = (LOADADDR (.data) + SIZEOF (.data))
                0x00003f90                _image_size = (_image_end - _image_start)
OUTPUT(UART_drv.axf elf32-littlearm)

.debug_info     0x00000000     0x8a0e
 .debug_info    0x00000000     0x1011 ./source/LaboMicros-TP2/App.o
 .debug_info    0x00001011      0x3f8 ./source/LaboMicros-TP2/DRV_MCP25625.o
 .debug_info    0x00001409      0xb82 ./source/LaboMicros-TP2/FXOS8700CQ.o
 .debug_info    0x00001f8b      0xb22 ./source/LaboMicros-TP2/SPI_DRV.o
 .debug_info    0x00002aad      0x15f ./source/LaboMicros-TP2/SysTick.o
 .debug_info    0x00002c0c     0x15e2 ./source/LaboMicros-TP2/gpio.o
 .debug_info    0x000041ee     0x124c ./source/LaboMicros-TP2/i2cm.o
 .debug_info    0x0000543a      0xb54 ./source/LaboMicros-TP2/timer.o
 .debug_info    0x00005f8e     0x146d ./source/LaboMicros-TP2/uart_drv.o
 .debug_info    0x000073fb      0x675 ./SDK/startup/hardware.o
 .debug_info    0x00007a70       0xb7 ./SDK/startup/main.o
 .debug_info    0x00007b27       0x3b ./SDK/startup/semihost_hardfault.o
 .debug_info    0x00007b62      0x8b0 ./SDK/startup/startup_mk64f12.o
 .debug_info    0x00008412      0x5fc ./SDK/CMSIS/system_MK64F12.o

.debug_abbrev   0x00000000     0x1a60
 .debug_abbrev  0x00000000      0x2f8 ./source/LaboMicros-TP2/App.o
 .debug_abbrev  0x000002f8      0x160 ./source/LaboMicros-TP2/DRV_MCP25625.o
 .debug_abbrev  0x00000458      0x284 ./source/LaboMicros-TP2/FXOS8700CQ.o
 .debug_abbrev  0x000006dc      0x256 ./source/LaboMicros-TP2/SPI_DRV.o
 .debug_abbrev  0x00000932      0x115 ./source/LaboMicros-TP2/SysTick.o
 .debug_abbrev  0x00000a47      0x33b ./source/LaboMicros-TP2/gpio.o
 .debug_abbrev  0x00000d82      0x2c4 ./source/LaboMicros-TP2/i2cm.o
 .debug_abbrev  0x00001046      0x2ab ./source/LaboMicros-TP2/timer.o
 .debug_abbrev  0x000012f1      0x2f0 ./source/LaboMicros-TP2/uart_drv.o
 .debug_abbrev  0x000015e1      0x138 ./SDK/startup/hardware.o
 .debug_abbrev  0x00001719       0x7d ./SDK/startup/main.o
 .debug_abbrev  0x00001796       0x2f ./SDK/startup/semihost_hardfault.o
 .debug_abbrev  0x000017c5      0x15c ./SDK/startup/startup_mk64f12.o
 .debug_abbrev  0x00001921      0x13f ./SDK/CMSIS/system_MK64F12.o

.debug_aranges  0x00000000      0x740
 .debug_aranges
                0x00000000       0x70 ./source/LaboMicros-TP2/App.o
 .debug_aranges
                0x00000070       0x70 ./source/LaboMicros-TP2/DRV_MCP25625.o
 .debug_aranges
                0x000000e0       0x48 ./source/LaboMicros-TP2/FXOS8700CQ.o
 .debug_aranges
                0x00000128       0x60 ./source/LaboMicros-TP2/SPI_DRV.o
 .debug_aranges
                0x00000188       0x28 ./source/LaboMicros-TP2/SysTick.o
 .debug_aranges
                0x000001b0       0xa8 ./source/LaboMicros-TP2/gpio.o
 .debug_aranges
                0x00000258       0x58 ./source/LaboMicros-TP2/i2cm.o
 .debug_aranges
                0x000002b0       0x58 ./source/LaboMicros-TP2/timer.o
 .debug_aranges
                0x00000308       0x68 ./source/LaboMicros-TP2/uart_drv.o
 .debug_aranges
                0x00000370       0x30 ./SDK/startup/hardware.o
 .debug_aranges
                0x000003a0       0x20 ./SDK/startup/main.o
 .debug_aranges
                0x000003c0       0x20 ./SDK/startup/semihost_hardfault.o
 .debug_aranges
                0x000003e0      0x330 ./SDK/startup/startup_mk64f12.o
 .debug_aranges
                0x00000710       0x30 ./SDK/CMSIS/system_MK64F12.o

.debug_ranges   0x00000000      0x660
 .debug_ranges  0x00000000       0x60 ./source/LaboMicros-TP2/App.o
 .debug_ranges  0x00000060       0x60 ./source/LaboMicros-TP2/DRV_MCP25625.o
 .debug_ranges  0x000000c0       0x38 ./source/LaboMicros-TP2/FXOS8700CQ.o
 .debug_ranges  0x000000f8       0x50 ./source/LaboMicros-TP2/SPI_DRV.o
 .debug_ranges  0x00000148       0x18 ./source/LaboMicros-TP2/SysTick.o
 .debug_ranges  0x00000160       0x98 ./source/LaboMicros-TP2/gpio.o
 .debug_ranges  0x000001f8       0x48 ./source/LaboMicros-TP2/i2cm.o
 .debug_ranges  0x00000240       0x48 ./source/LaboMicros-TP2/timer.o
 .debug_ranges  0x00000288       0x58 ./source/LaboMicros-TP2/uart_drv.o
 .debug_ranges  0x000002e0       0x20 ./SDK/startup/hardware.o
 .debug_ranges  0x00000300       0x10 ./SDK/startup/main.o
 .debug_ranges  0x00000310       0x10 ./SDK/startup/semihost_hardfault.o
 .debug_ranges  0x00000320      0x320 ./SDK/startup/startup_mk64f12.o
 .debug_ranges  0x00000640       0x20 ./SDK/CMSIS/system_MK64F12.o

.debug_macro    0x00000000    0x21c32
 .debug_macro   0x00000000      0x2e6 ./source/LaboMicros-TP2/App.o
 .debug_macro   0x000002e6      0xa5a ./source/LaboMicros-TP2/App.o
 .debug_macro   0x00000d40      0x34e ./source/LaboMicros-TP2/App.o
 .debug_macro   0x0000108e       0x22 ./source/LaboMicros-TP2/App.o
 .debug_macro   0x000010b0       0x5c ./source/LaboMicros-TP2/App.o
 .debug_macro   0x0000110c       0x1c ./source/LaboMicros-TP2/App.o
 .debug_macro   0x00001128       0x22 ./source/LaboMicros-TP2/App.o
 .debug_macro   0x0000114a       0xdf ./source/LaboMicros-TP2/App.o
 .debug_macro   0x00001229      0xecf ./source/LaboMicros-TP2/App.o
 .debug_macro   0x000020f8       0x48 ./source/LaboMicros-TP2/App.o
 .debug_macro   0x00002140     0xe07b ./source/LaboMicros-TP2/App.o
 .debug_macro   0x000101bb       0x3a ./source/LaboMicros-TP2/App.o
 .debug_macro   0x000101f5       0x34 ./source/LaboMicros-TP2/App.o
 .debug_macro   0x00010229       0x10 ./source/LaboMicros-TP2/App.o
 .debug_macro   0x00010239     0x122b ./source/LaboMicros-TP2/App.o
 .debug_macro   0x00011464       0x16 ./source/LaboMicros-TP2/App.o
 .debug_macro   0x0001147a       0x22 ./source/LaboMicros-TP2/App.o
 .debug_macro   0x0001149c       0x52 ./source/LaboMicros-TP2/App.o
 .debug_macro   0x000114ee       0x17 ./source/LaboMicros-TP2/App.o
 .debug_macro   0x00011505       0x8d ./source/LaboMicros-TP2/App.o
 .debug_macro   0x00011592       0x35 ./source/LaboMicros-TP2/App.o
 .debug_macro   0x000115c7       0x9c ./source/LaboMicros-TP2/App.o
 .debug_macro   0x00011663      0x174 ./source/LaboMicros-TP2/App.o
 .debug_macro   0x000117d7       0x57 ./source/LaboMicros-TP2/App.o
 .debug_macro   0x0001182e       0x58 ./source/LaboMicros-TP2/App.o
 .debug_macro   0x00011886       0x1f ./source/LaboMicros-TP2/App.o
 .debug_macro   0x000118a5       0x43 ./source/LaboMicros-TP2/App.o
 .debug_macro   0x000118e8       0x20 ./source/LaboMicros-TP2/App.o
 .debug_macro   0x00011908      0x18e ./source/LaboMicros-TP2/App.o
 .debug_macro   0x00011a96      0x32a ./source/LaboMicros-TP2/App.o
 .debug_macro   0x00011dc0       0x10 ./source/LaboMicros-TP2/App.o
 .debug_macro   0x00011dd0       0x35 ./source/LaboMicros-TP2/App.o
 .debug_macro   0x00011e05       0x16 ./source/LaboMicros-TP2/App.o
 .debug_macro   0x00011e1b       0x16 ./source/LaboMicros-TP2/App.o
 .debug_macro   0x00011e31       0x29 ./source/LaboMicros-TP2/App.o
 .debug_macro   0x00011e5a       0x2e ./source/LaboMicros-TP2/App.o
 .debug_macro   0x00011e88       0x1c ./source/LaboMicros-TP2/App.o
 .debug_macro   0x00011ea4       0x10 ./source/LaboMicros-TP2/App.o
 .debug_macro   0x00011eb4       0x10 ./source/LaboMicros-TP2/App.o
 .debug_macro   0x00011ec4       0x6a ./source/LaboMicros-TP2/App.o
 .debug_macro   0x00011f2e       0x1c ./source/LaboMicros-TP2/App.o
 .debug_macro   0x00011f4a       0x52 ./source/LaboMicros-TP2/App.o
 .debug_macro   0x00011f9c       0x40 ./source/LaboMicros-TP2/App.o
 .debug_macro   0x00011fdc       0x10 ./source/LaboMicros-TP2/App.o
 .debug_macro   0x00011fec       0x40 ./source/LaboMicros-TP2/App.o
 .debug_macro   0x0001202c       0xd7 ./source/LaboMicros-TP2/App.o
 .debug_macro   0x00012103       0x1c ./source/LaboMicros-TP2/App.o
 .debug_macro   0x0001211f       0x3d ./source/LaboMicros-TP2/App.o
 .debug_macro   0x0001215c       0x16 ./source/LaboMicros-TP2/App.o
 .debug_macro   0x00012172      0x16f ./source/LaboMicros-TP2/App.o
 .debug_macro   0x000122e1       0x46 ./source/LaboMicros-TP2/App.o
 .debug_macro   0x00012327      0x19c ./source/LaboMicros-TP2/DRV_MCP25625.o
 .debug_macro   0x000124c3      0x21b ./source/LaboMicros-TP2/FXOS8700CQ.o
 .debug_macro   0x000126de       0x16 ./source/LaboMicros-TP2/FXOS8700CQ.o
 .debug_macro   0x000126f4       0x97 ./source/LaboMicros-TP2/FXOS8700CQ.o
 .debug_macro   0x0001278b      0x330 ./source/LaboMicros-TP2/FXOS8700CQ.o
 .debug_macro   0x00012abb       0xfd ./source/LaboMicros-TP2/FXOS8700CQ.o
 .debug_macro   0x00012bb8       0x10 ./source/LaboMicros-TP2/FXOS8700CQ.o
 .debug_macro   0x00012bc8      0x1e1 ./source/LaboMicros-TP2/FXOS8700CQ.o
 .debug_macro   0x00012da9       0xb4 ./source/LaboMicros-TP2/SPI_DRV.o
 .debug_macro   0x00012e5d       0xb2 ./source/LaboMicros-TP2/SysTick.o
 .debug_macro   0x00012f0f       0x5c ./source/LaboMicros-TP2/SysTick.o
 .debug_macro   0x00012f6b     0xe07b ./source/LaboMicros-TP2/SysTick.o
 .debug_macro   0x00020fe6      0x26e ./source/LaboMicros-TP2/gpio.o
 .debug_macro   0x00021254       0x16 ./source/LaboMicros-TP2/gpio.o
 .debug_macro   0x0002126a      0x1bd ./source/LaboMicros-TP2/i2cm.o
 .debug_macro   0x00021427      0x10e ./source/LaboMicros-TP2/i2cm.o
 .debug_macro   0x00021535       0x8d ./source/LaboMicros-TP2/i2cm.o
 .debug_macro   0x000215c2       0xd9 ./source/LaboMicros-TP2/i2cm.o
 .debug_macro   0x0002169b      0x136 ./source/LaboMicros-TP2/timer.o
 .debug_macro   0x000217d1       0x28 ./source/LaboMicros-TP2/timer.o
 .debug_macro   0x000217f9      0x247 ./source/LaboMicros-TP2/uart_drv.o
 .debug_macro   0x00021a40       0x9c ./SDK/startup/hardware.o
 .debug_macro   0x00021adc       0x9c ./SDK/startup/main.o
 .debug_macro   0x00021b78       0x11 ./SDK/startup/semihost_hardfault.o
 .debug_macro   0x00021b89       0x29 ./SDK/startup/startup_mk64f12.o
 .debug_macro   0x00021bb2       0x80 ./SDK/CMSIS/system_MK64F12.o

.debug_line     0x00000000     0x3150
 .debug_line    0x00000000      0x703 ./source/LaboMicros-TP2/App.o
 .debug_line    0x00000703      0x267 ./source/LaboMicros-TP2/DRV_MCP25625.o
 .debug_line    0x0000096a      0x472 ./source/LaboMicros-TP2/FXOS8700CQ.o
 .debug_line    0x00000ddc      0x298 ./source/LaboMicros-TP2/SPI_DRV.o
 .debug_line    0x00001074      0x1b7 ./source/LaboMicros-TP2/SysTick.o
 .debug_line    0x0000122b      0x5f0 ./source/LaboMicros-TP2/gpio.o
 .debug_line    0x0000181b      0x479 ./source/LaboMicros-TP2/i2cm.o
 .debug_line    0x00001c94      0x36c ./source/LaboMicros-TP2/timer.o
 .debug_line    0x00002000      0x511 ./source/LaboMicros-TP2/uart_drv.o
 .debug_line    0x00002511      0x1d4 ./SDK/startup/hardware.o
 .debug_line    0x000026e5      0x173 ./SDK/startup/main.o
 .debug_line    0x00002858       0x59 ./SDK/startup/semihost_hardfault.o
 .debug_line    0x000028b1      0x6d8 ./SDK/startup/startup_mk64f12.o
 .debug_line    0x00002f89      0x1c7 ./SDK/CMSIS/system_MK64F12.o

.debug_str      0x00000000    0x7e0ef
 .debug_str     0x00000000    0x7ba8f ./source/LaboMicros-TP2/App.o
                              0x7bd66 (size before relaxing)
 .debug_str     0x0007ba8f      0x37a ./source/LaboMicros-TP2/DRV_MCP25625.o
                              0x70956 (size before relaxing)
 .debug_str     0x0007be09      0x9a5 ./source/LaboMicros-TP2/FXOS8700CQ.o
                               0x8b45 (size before relaxing)
 .debug_str     0x0007c7ae      0x766 ./source/LaboMicros-TP2/SPI_DRV.o
                              0x70d6e (size before relaxing)
 .debug_str     0x0007cf14       0x80 ./source/LaboMicros-TP2/SysTick.o
                              0x77070 (size before relaxing)
 .debug_str     0x0007cf94      0x3af ./source/LaboMicros-TP2/gpio.o
                              0x7c163 (size before relaxing)
 .debug_str     0x0007d343      0x175 ./source/LaboMicros-TP2/i2cm.o
                              0x7acf4 (size before relaxing)
 .debug_str     0x0007d4b8      0x10d ./source/LaboMicros-TP2/timer.o
                               0x6e6c (size before relaxing)
 .debug_str     0x0007d5c5      0x1d3 ./source/LaboMicros-TP2/uart_drv.o
                              0x7bf40 (size before relaxing)
 .debug_str     0x0007d798      0x11b ./SDK/startup/hardware.o
                              0x771fc (size before relaxing)
 .debug_str     0x0007d8b3       0x1b ./SDK/startup/main.o
                              0x76fd0 (size before relaxing)
 .debug_str     0x0007d8ce       0x36 ./SDK/startup/semihost_hardfault.o
                               0x2d36 (size before relaxing)
 .debug_str     0x0007d904      0x789 ./SDK/startup/startup_mk64f12.o
                               0x35a4 (size before relaxing)
 .debug_str     0x0007e08d       0x62 ./SDK/CMSIS/system_MK64F12.o
                              0x7710b (size before relaxing)

.comment        0x00000000       0x7e
 .comment       0x00000000       0x7e ./source/LaboMicros-TP2/App.o
                                 0x7f (size before relaxing)
 .comment       0x0000007e       0x7f ./source/LaboMicros-TP2/DRV_MCP25625.o
 .comment       0x0000007e       0x7f ./source/LaboMicros-TP2/FXOS8700CQ.o
 .comment       0x0000007e       0x7f ./source/LaboMicros-TP2/SPI_DRV.o
 .comment       0x0000007e       0x7f ./source/LaboMicros-TP2/SysTick.o
 .comment       0x0000007e       0x7f ./source/LaboMicros-TP2/gpio.o
 .comment       0x0000007e       0x7f ./source/LaboMicros-TP2/i2cm.o
 .comment       0x0000007e       0x7f ./source/LaboMicros-TP2/timer.o
 .comment       0x0000007e       0x7f ./source/LaboMicros-TP2/uart_drv.o
 .comment       0x0000007e       0x7f ./SDK/startup/hardware.o
 .comment       0x0000007e       0x7f ./SDK/startup/main.o
 .comment       0x0000007e       0x7f ./SDK/startup/semihost_hardfault.o
 .comment       0x0000007e       0x7f ./SDK/startup/startup_mk64f12.o
 .comment       0x0000007e       0x7f ./SDK/CMSIS/system_MK64F12.o
 .comment       0x0000007e       0x7f c:/nxp/mcuxpressoide_10.2.0_759/ide/tools/bin/../lib/gcc/arm-none-eabi/7.2.1/../../../../arm-none-eabi/lib/thumb/v7e-m/fpv4-sp/hard\libcr_c.a(atan.o)
 .comment       0x0000007e       0x7f c:/nxp/mcuxpressoide_10.2.0_759/ide/tools/bin/../lib/gcc/arm-none-eabi/7.2.1/../../../../arm-none-eabi/lib/thumb/v7e-m/fpv4-sp/hard\libcr_c.a(cos.o)
 .comment       0x0000007e       0x7f c:/nxp/mcuxpressoide_10.2.0_759/ide/tools/bin/../lib/gcc/arm-none-eabi/7.2.1/../../../../arm-none-eabi/lib/thumb/v7e-m/fpv4-sp/hard\libcr_c.a(fabs.o)
 .comment       0x0000007e       0x7f c:/nxp/mcuxpressoide_10.2.0_759/ide/tools/bin/../lib/gcc/arm-none-eabi/7.2.1/../../../../arm-none-eabi/lib/thumb/v7e-m/fpv4-sp/hard\libcr_c.a(sin.o)
 .comment       0x0000007e       0x7f c:/nxp/mcuxpressoide_10.2.0_759/ide/tools/bin/../lib/gcc/arm-none-eabi/7.2.1/../../../../arm-none-eabi/lib/thumb/v7e-m/fpv4-sp/hard\libcr_c.a(sqrt.o)
 .comment       0x0000007e       0x7f c:/nxp/mcuxpressoide_10.2.0_759/ide/tools/bin/../lib/gcc/arm-none-eabi/7.2.1/../../../../arm-none-eabi/lib/thumb/v7e-m/fpv4-sp/hard\libcr_c.a(stdlib.o)
 .comment       0x0000007e       0x7f c:/nxp/mcuxpressoide_10.2.0_759/ide/tools/bin/../lib/gcc/arm-none-eabi/7.2.1/../../../../arm-none-eabi/lib/thumb/v7e-m/fpv4-sp/hard\libcr_c.a(_hugeval.o)
 .comment       0x0000007e       0x7f c:/nxp/mcuxpressoide_10.2.0_759/ide/tools/bin/../lib/gcc/arm-none-eabi/7.2.1/../../../../arm-none-eabi/lib/thumb/v7e-m/fpv4-sp/hard\libcr_c.a(_sincos.o)
 .comment       0x0000007e       0x7f c:/nxp/mcuxpressoide_10.2.0_759/ide/tools/bin/../lib/gcc/arm-none-eabi/7.2.1/../../../../arm-none-eabi/lib/thumb/v7e-m/fpv4-sp/hard\libcr_c.a(errno.o)
 .comment       0x0000007e       0x7f c:/nxp/mcuxpressoide_10.2.0_759/ide/tools/bin/../lib/gcc/arm-none-eabi/7.2.1/thumb/v7e-m/fpv4-sp/hard\libcr_eabihelpers.a(double.o)

.ARM.attributes
                0x00000000       0x37
 .ARM.attributes
                0x00000000       0x39 ./source/LaboMicros-TP2/App.o
 .ARM.attributes
                0x00000039       0x39 ./source/LaboMicros-TP2/DRV_MCP25625.o
 .ARM.attributes
                0x00000072       0x39 ./source/LaboMicros-TP2/FXOS8700CQ.o
 .ARM.attributes
                0x000000ab       0x39 ./source/LaboMicros-TP2/SPI_DRV.o
 .ARM.attributes
                0x000000e4       0x39 ./source/LaboMicros-TP2/SysTick.o
 .ARM.attributes
                0x0000011d       0x39 ./source/LaboMicros-TP2/gpio.o
 .ARM.attributes
                0x00000156       0x39 ./source/LaboMicros-TP2/i2cm.o
 .ARM.attributes
                0x0000018f       0x39 ./source/LaboMicros-TP2/timer.o
 .ARM.attributes
                0x000001c8       0x39 ./source/LaboMicros-TP2/uart_drv.o
 .ARM.attributes
                0x00000201       0x39 ./SDK/startup/hardware.o
 .ARM.attributes
                0x0000023a       0x39 ./SDK/startup/main.o
 .ARM.attributes
                0x00000273       0x39 ./SDK/startup/semihost_hardfault.o
 .ARM.attributes
                0x000002ac       0x39 ./SDK/startup/startup_mk64f12.o
 .ARM.attributes
                0x000002e5       0x39 ./SDK/CMSIS/system_MK64F12.o
 .ARM.attributes
                0x0000031e       0x39 c:/nxp/mcuxpressoide_10.2.0_759/ide/tools/bin/../lib/gcc/arm-none-eabi/7.2.1/../../../../arm-none-eabi/lib/thumb/v7e-m/fpv4-sp/hard\libcr_c.a(atan.o)
 .ARM.attributes
                0x00000357       0x39 c:/nxp/mcuxpressoide_10.2.0_759/ide/tools/bin/../lib/gcc/arm-none-eabi/7.2.1/../../../../arm-none-eabi/lib/thumb/v7e-m/fpv4-sp/hard\libcr_c.a(cos.o)
 .ARM.attributes
                0x00000390       0x39 c:/nxp/mcuxpressoide_10.2.0_759/ide/tools/bin/../lib/gcc/arm-none-eabi/7.2.1/../../../../arm-none-eabi/lib/thumb/v7e-m/fpv4-sp/hard\libcr_c.a(fabs.o)
 .ARM.attributes
                0x000003c9       0x39 c:/nxp/mcuxpressoide_10.2.0_759/ide/tools/bin/../lib/gcc/arm-none-eabi/7.2.1/../../../../arm-none-eabi/lib/thumb/v7e-m/fpv4-sp/hard\libcr_c.a(sin.o)
 .ARM.attributes
                0x00000402       0x39 c:/nxp/mcuxpressoide_10.2.0_759/ide/tools/bin/../lib/gcc/arm-none-eabi/7.2.1/../../../../arm-none-eabi/lib/thumb/v7e-m/fpv4-sp/hard\libcr_c.a(sqrt.o)
 .ARM.attributes
                0x0000043b       0x39 c:/nxp/mcuxpressoide_10.2.0_759/ide/tools/bin/../lib/gcc/arm-none-eabi/7.2.1/../../../../arm-none-eabi/lib/thumb/v7e-m/fpv4-sp/hard\libcr_c.a(stdlib.o)
 .ARM.attributes
                0x00000474       0x39 c:/nxp/mcuxpressoide_10.2.0_759/ide/tools/bin/../lib/gcc/arm-none-eabi/7.2.1/../../../../arm-none-eabi/lib/thumb/v7e-m/fpv4-sp/hard\libcr_c.a(_hugeval.o)
 .ARM.attributes
                0x000004ad       0x39 c:/nxp/mcuxpressoide_10.2.0_759/ide/tools/bin/../lib/gcc/arm-none-eabi/7.2.1/../../../../arm-none-eabi/lib/thumb/v7e-m/fpv4-sp/hard\libcr_c.a(_sincos.o)
 .ARM.attributes
                0x000004e6       0x39 c:/nxp/mcuxpressoide_10.2.0_759/ide/tools/bin/../lib/gcc/arm-none-eabi/7.2.1/../../../../arm-none-eabi/lib/thumb/v7e-m/fpv4-sp/hard\libcr_c.a(errno.o)
 .ARM.attributes
                0x0000051f       0x39 c:/nxp/mcuxpressoide_10.2.0_759/ide/tools/bin/../lib/gcc/arm-none-eabi/7.2.1/thumb/v7e-m/fpv4-sp/hard\libcr_eabihelpers.a(double.o)

.debug_frame    0x00000000     0x1728
 .debug_frame   0x00000000      0x1a4 ./source/LaboMicros-TP2/App.o
 .debug_frame   0x000001a4      0x190 ./source/LaboMicros-TP2/DRV_MCP25625.o
 .debug_frame   0x00000334      0x100 ./source/LaboMicros-TP2/FXOS8700CQ.o
 .debug_frame   0x00000434      0x178 ./source/LaboMicros-TP2/SPI_DRV.o
 .debug_frame   0x000005ac       0x64 ./source/LaboMicros-TP2/SysTick.o
 .debug_frame   0x00000610      0x2f4 ./source/LaboMicros-TP2/gpio.o
 .debug_frame   0x00000904      0x13c ./source/LaboMicros-TP2/i2cm.o
 .debug_frame   0x00000a40      0x138 ./source/LaboMicros-TP2/timer.o
 .debug_frame   0x00000b78      0x17c ./source/LaboMicros-TP2/uart_drv.o
 .debug_frame   0x00000cf4       0x70 ./SDK/startup/hardware.o
 .debug_frame   0x00000d64       0x2c ./SDK/startup/main.o
 .debug_frame   0x00000d90       0x20 ./SDK/startup/semihost_hardfault.o
 .debug_frame   0x00000db0      0x904 ./SDK/startup/startup_mk64f12.o
 .debug_frame   0x000016b4       0x74 ./SDK/CMSIS/system_MK64F12.o
